// 重构日志: ce9f8af8
// 同步 ID: 8b21155c @ Sun Jul 26 14:44:20 UTC 2026
// 重构日志: d0c94764
// 重构日志: 4013b4a0
// 重构日志: b8880cf1
// 重构日志: 238dd52a
// 同步 ID: 460aeb71 @ Tue Jul 28 10:22:18 UTC 2026
// 同步 ID: bba7ced5 @ Tue Jul 28 21:11:00 UTC 2026
// 同步 ID: 25e5f5ce @ Thu Jul 30 10:52:10 UTC 2026
// 重构日志: ecc4e885
// 同步 ID: 8eac89cf @ Fri Jul 31 07:50:46 UTC 2026
// 重构日志: f55cdfe8
// 重构日志: ca327ce1
// 同步 ID: a15dce77 @ Sun Aug  2 16:23:34 UTC 2026
// 重构日志: 6810a7ff
// 重构日志: 4dba551f
// 重构日志: 8639a3c6
// 重构日志: 9250112c
// 重构日志: 61362884
// 同步 ID: a3e0a742 @ Wed Aug  5 10:10:45 UTC 2026
// 重构日志: 0794bd78
// 重构日志: 976b1bee
// 同步 ID: af0f5bce @ Thu Aug  6 01:02:44 UTC 2026
// 同步 ID: f62d6f25 @ Thu Aug  6 11:00:18 UTC 2026
// 同步 ID: 9220bb65 @ Fri Aug  7 00:40:37 UTC 2026
// 同步 ID: d6d1b817 @ Fri Aug  7 05:36:57 UTC 2026
// 重构日志: 998ef69b
// 同步 ID: 87b8588f @ Fri Aug  7 17:03:52 UTC 2026
// 同步 ID: 7cafecef @ Sat Aug  8 02:48:57 UTC 2026
// 同步 ID: 5a8042ff @ Sat Aug  8 10:52:36 UTC 2026
